D:/ART-PI/LWIP/Target/ethernetif.c:717:9:ETH_PHY_IO_DeInit	0	static
D:/ART-PI/LWIP/Target/ethernetif.c:366:14:low_level_output	64	static
D:/ART-PI/LWIP/Target/ethernetif.c:760:9:ETH_PHY_IO_GetTick	0	static
D:/ART-PI/LWIP/Target/ethernetif.c:700:9:ETH_PHY_IO_Init	8	static
D:/ART-PI/LWIP/Target/ethernetif.c:729:9:ETH_PHY_IO_ReadReg	8	static
D:/ART-PI/LWIP/Target/ethernetif.c:746:9:ETH_PHY_IO_WriteReg	8	static
D:/ART-PI/LWIP/Target/ethernetif.c:550:6:pbuf_free_custom	8	static
D:/ART-PI/LWIP/Target/ethernetif.c:442:6:ethernetif_input	40	static
D:/ART-PI/LWIP/Target/ethernetif.c:158:6:HAL_ETH_RxCpltCallback	0	static
D:/ART-PI/LWIP/Target/ethernetif.c:167:6:HAL_ETH_TxCpltCallback	0	static
D:/ART-PI/LWIP/Target/ethernetif.c:176:6:HAL_ETH_ErrorCallback	8	static
D:/ART-PI/LWIP/Target/ethernetif.c:499:7:ethernetif_init	176	static
D:/ART-PI/LWIP/Target/ethernetif.c:573:7:sys_now	0	static
D:/ART-PI/LWIP/Target/ethernetif.c:586:6:HAL_ETH_MspInit	72	static
D:/ART-PI/LWIP/Target/ethernetif.c:654:6:HAL_ETH_MspDeInit	8	static
D:/ART-PI/LWIP/Target/ethernetif.c:769:6:ethernet_link_thread	136	static
D:/ART-PI/LWIP/Target/ethernetif.c:839:6:HAL_ETH_RxAllocateCallback	16	static
D:/ART-PI/LWIP/Target/ethernetif.c:861:6:HAL_ETH_RxLinkCallback	12	static,ignoring_inline_asm
D:/ART-PI/LWIP/Target/ethernetif.c:901:6:HAL_ETH_TxFreeCallback	0	static
