D:/ART-PI/Middlewares/Third_Party/LwIP/src/core/netif.c:1619:1:netif_null_output_ip4	0	static
D:/ART-PI/Middlewares/Third_Party/LwIP/src/core/netif.c:151:1:netif_loopif_init	8	static
D:/ART-PI/Middlewares/Third_Party/LwIP/src/core/netif.c:875:1:netif_issue_reports	8	static
D:/ART-PI/Middlewares/Third_Party/LwIP/src/core/netif.c:1198:1:netif_poll	32	static
D:/ART-PI/Middlewares/Third_Party/LwIP/src/core/netif.c:457:1:netif_do_set_ipaddr	24	static
D:/ART-PI/Middlewares/Third_Party/LwIP/src/core/netif.c:217:1:netif_input	16	static
D:/ART-PI/Middlewares/Third_Party/LwIP/src/core/netif.c:822:1:netif_set_default	0	static
D:/ART-PI/Middlewares/Third_Party/LwIP/src/core/netif.c:957:1:netif_set_status_callback	0	static
D:/ART-PI/Middlewares/Third_Party/LwIP/src/core/netif.c:1051:1:netif_set_link_callback	0	static
D:/ART-PI/Middlewares/Third_Party/LwIP/src/core/netif.c:1077:1:netif_loop_output	24	static
D:/ART-PI/Middlewares/Third_Party/LwIP/src/core/netif.c:1173:1:netif_loop_output_ipv4	0	static
D:/ART-PI/Middlewares/Third_Party/LwIP/src/core/netif.c:1676:1:netif_get_by_index	0	static
D:/ART-PI/Middlewares/Third_Party/LwIP/src/core/netif.c:1656:1:netif_index_to_name	16	static
D:/ART-PI/Middlewares/Third_Party/LwIP/src/core/netif.c:1701:1:netif_find	8	static
D:/ART-PI/Middlewares/Third_Party/LwIP/src/core/netif.c:1637:1:netif_name_to_index	8	static
D:/ART-PI/Middlewares/Third_Party/LwIP/src/core/netif.c:1734:1:netif_add_ext_callback	16	static
D:/ART-PI/Middlewares/Third_Party/LwIP/src/core/netif.c:1751:1:netif_remove_ext_callback	16	static
D:/ART-PI/Middlewares/Third_Party/LwIP/src/core/netif.c:1784:1:netif_invoke_ext_callback	24	static
D:/ART-PI/Middlewares/Third_Party/LwIP/src/core/netif.c:500:1:netif_set_ipaddr	24	static
D:/ART-PI/Middlewares/Third_Party/LwIP/src/core/netif.c:560:1:netif_set_netmask	24	static
D:/ART-PI/Middlewares/Third_Party/LwIP/src/core/netif.c:621:1:netif_set_gw	24	static
D:/ART-PI/Middlewares/Third_Party/LwIP/src/core/netif.c:658:1:netif_set_addr	56	static
D:/ART-PI/Middlewares/Third_Party/LwIP/src/core/netif.c:276:1:netif_add	40	static
D:/ART-PI/Middlewares/Third_Party/LwIP/src/core/netif.c:239:1:netif_add_noaddr	24	static
D:/ART-PI/Middlewares/Third_Party/LwIP/src/core/netif.c:844:1:netif_set_up	24	static
D:/ART-PI/Middlewares/Third_Party/LwIP/src/core/netif.c:919:1:netif_set_down	24	static
D:/ART-PI/Middlewares/Third_Party/LwIP/src/core/netif.c:737:1:netif_remove	16	static
D:/ART-PI/Middlewares/Third_Party/LwIP/src/core/netif.c:988:1:netif_set_link_up	24	static
D:/ART-PI/Middlewares/Third_Party/LwIP/src/core/netif.c:177:1:netif_init	40	static
D:/ART-PI/Middlewares/Third_Party/LwIP/src/core/netif.c:1026:1:netif_set_link_down	24	static
