D:/ART-PI/Core/Src/w25qxx.c:54:6:W25QXX_ExitQPIMode	64	static
D:/ART-PI/Core/Src/w25qxx.c:134:9:W25QXX_ReadSR	72	static
D:/ART-PI/Core/Src/w25qxx.c:190:6:W25QXX_WriteSR	72	static
D:/ART-PI/Core/Src/w25qxx.c:242:6:W25QXX_WriteEnable	64	static
D:/ART-PI/Core/Src/w25qxx.c:83:6:W25QXX_EnterQPIMode	72	static
D:/ART-PI/Core/Src/w25qxx.c:284:10:W25QXX_MftrDeviceID	72	static
D:/ART-PI/Core/Src/w25qxx.c:334:9:W25QXX_UniqueID	64	static
D:/ART-PI/Core/Src/w25qxx.c:375:6:W25QXX_Read	64	static
D:/ART-PI/Core/Src/w25qxx.c:633:6:W25QXX_WaitBusy	8	static
D:/ART-PI/Core/Src/w25qxx.c:415:6:W25QXX_PageProgram	64	static
D:/ART-PI/Core/Src/w25qxx.c:463:6:W25QXX_Write_NoCheck	24	static
D:/ART-PI/Core/Src/w25qxx.c:558:6:W25QXX_ChipErase	64	static
D:/ART-PI/Core/Src/w25qxx.c:595:6:W25QXX_SectorErase	64	static
D:/ART-PI/Core/Src/w25qxx.c:496:6:W25QXX_Write	40	static
D:/ART-PI/Core/Src/w25qxx.c:639:6:W25QXX_Reset	64	static
D:/ART-PI/Core/Src/w25qxx.c:45:6:W25QXX_Init	8	static
D:/ART-PI/Core/Src/w25qxx.c:678:6:W25Q_Memory_Mapped_Enable	72	static
