D:/ART-PI/Core/Src/stm32h7xx_it.c:72:6:NMI_Handler	0	static
D:/ART-PI/Core/Src/stm32h7xx_it.c:87:6:HardFault_Handler	0	static
D:/ART-PI/Core/Src/stm32h7xx_it.c:102:6:MemManage_Handler	0	static
D:/ART-PI/Core/Src/stm32h7xx_it.c:117:6:BusFault_Handler	0	static
D:/ART-PI/Core/Src/stm32h7xx_it.c:132:6:UsageFault_Handler	0	static
D:/ART-PI/Core/Src/stm32h7xx_it.c:147:6:DebugMon_Handler	0	static
D:/ART-PI/Core/Src/stm32h7xx_it.c:160:6:SysTick_Handler	8	static
D:/ART-PI/Core/Src/stm32h7xx_it.c:189:6:SDMMC1_IRQHandler	0	static
D:/ART-PI/Core/Src/stm32h7xx_it.c:203:6:ETH_IRQHandler	0	static
